// Vitest Snapshot v1, https://vitest.dev/guide/snapshot.html

exports[`plain-text-message > メッセージブロックを生成する 1`] = `
"[2026-01-01T00:00:00.000Z] Alice (ID: user-1) (Message ID: message-1):
こんにちは
リアクション: 👍 x2 (自分済み)"
`;

exports[`plain-text-message > 返信メッセージを引用付きで生成する 1`] = `
"> [2026-01-01T00:00:30.000Z] Bob (ID: user-2) (Message ID: message-1):
> 元メッセージ
[2026-01-01T00:01:00.000Z] Alice (ID: user-1) (Message ID: message-2):
返信です"
`;
